// Jest Snapshot v1, https://goo.gl/fbAQLP

exports[`SignIn should match the snapshot 1`] = `
<form
  className="sign-in-form"
  onSubmit={[Function]}
>
  <h2
    className="error"
  >
     
     
  </h2>
  <input
    className="email"
    name="email"
    onChange={[Function]}
    placeholder="Enter your email"
    value=""
  />
  <input
    className="password"
    name="password"
    onChange={[Function]}
    placeholder="Enter your password"
    type="password"
    value=""
  />
  <input
    className="submit"
    type="submit"
    value="Sign In"
  />
  <NavLink
    activeClassName="active"
    aria-current="page"
    className="sign-up"
    to="/signup"
  >
    Sign up
  </NavLink>
</form>
`;
