// Jest Snapshot v1, https://goo.gl/fbAQLP

exports[`SignIn should match the snapshot 1`] = `
<form
  onSubmit={[Function]}
>
  <input
    className="email"
    name="email"
    onChange={[Function]}
    placeholder="Enter your email"
    value=""
  />
  <input
    className="password"
    name="password"
    onChange={[Function]}
    placeholder="Enter your password"
    type="password"
    value=""
  />
</form>
`;
