// Jest Snapshot v1, https://goo.gl/fbAQLP

exports[`SignUp should match the snapshot 1`] = `
<form
  className="sign-up-form"
  onSubmit={[Function]}
>
  <h2
    className="error"
  />
  <input
    className="name"
    name="name"
    onChange={[Function]}
    placeholder="Enter your name"
    value=""
  />
  <input
    className="email"
    name="email"
    onChange={[Function]}
    placeholder="Enter your email"
    value=""
  />
  <input
    className="password"
    name="password"
    onChange={[Function]}
    placeholder="Enter your password"
    type="password"
    value=""
  />
  <input
    className="submit"
    type="submit"
    value="Sign Up"
  />
  <NavLink
    activeClassName="active"
    aria-current="page"
    className="sign-in"
    to="/login"
  >
    Sign In
  </NavLink>
</form>
`;
