// Jest Snapshot v1, https://goo.gl/fbAQLP

exports[`SignUp should match the snapshot 1`] = `
<form
  onSubmit=""
>
  <input
    name="name"
    onChange=""
    placeholder="Enter your name"
    value=""
  />
  <input
    name="email"
    onChange=""
    placeholder="Enter your email"
    value=""
  />
  <input
    name="password"
    onChange=""
    placeholder="Enter your password"
    type="password"
    value=""
  />
</form>
`;
