// Jest Snapshot v1, https://goo.gl/fbAQLP

exports[`Card should match snapshot 1`] = `
<div>
  <h1 />
  <input
    onClick=""
    type="button"
    value="Favorite"
  />
  <img
    alt="This is the poster for the movie \\"undefined\\" in theaters undefined."
    src="https://image.tmdb.org/t/p/w300_and_h450_bestv2/undefined"
  />
  <p />
  <p />
</div>
`;
